[5924:23884:0523/170335.994:WARNING:kernel_switch.cc(95)] [Engine] GetProductDataInfo failed for: input_cloud_request_rank_1
[5924:23884:0523/170335.994:WARNING:kernel_switch.cc(95)] [Engine] GetProductDataInfo failed for: input_cloud_request_type_1
[5924:23884:0523/170336.037:WARNING:data_router_sender.cpp(44)] [DataRouterSender] RegisterReceiver not supported on sender side, route=/sg_tool/./slo_data_receiver
[5924:23884:0523/170336.360:WARNING:t_skinfilemap.cpp(56)] SGRenderLog:CheckUpdate newMem.OpenMem failed, szNewMem:Local\sgime_skin.v3.filemap.sogouime err:系统错误2: 系统找不到指定的文件。  
打开Filemap失败: Local\sgime_skin.v3.filemap.sogouime3502434cfd7
[5924:23884:0523/170336.360:WARNING:t_skinfilemap.cpp(65)] SGRenderLog:CheckUpdate finish: old version:1
[5924:23884:0523/170336.361:WARNING:t_skinfilemap.cpp(67)] SGRenderLog:CheckUpdate finish: new version:3
[17952:14548:0523/171947.451:WARNING:kernel_switch.cc(95)] [Engine] GetProductDataInfo failed for: input_cloud_request_rank_1
[17952:14548:0523/171947.451:WARNING:kernel_switch.cc(95)] [Engine] GetProductDataInfo failed for: input_cloud_request_type_1
[17952:14548:0523/171947.452:WARNING:data_router_sender.cpp(44)] [DataRouterSender] RegisterReceiver not supported on sender side, route=/sg_tool/./slo_data_receiver
[17952:14548:0523/171947.516:WARNING:t_skinfilemap.cpp(56)] SGRenderLog:CheckUpdate newMem.OpenMem failed, szNewMem:Local\sgime_skin.v3.filemap.sogouime err:系统错误2: 系统找不到指定的文件。  
打开Filemap失败: Local\sgime_skin.v3.filemap.sogouime3502434cfd7
[17952:14548:0523/171947.516:WARNING:t_skinfilemap.cpp(65)] SGRenderLog:CheckUpdate finish: old version:1
[17952:14548:0523/171947.516:WARNING:t_skinfilemap.cpp(67)] SGRenderLog:CheckUpdate finish: new version:3
[17952:14548:0523/171947.733:WARNING:t_skinfilemap.cpp(56)] SGRenderLog:CheckUpdate newMem.OpenMem failed, szNewMem:Local\sgime_skin.v3.filemap.sogouime err:系统错误2: 系统找不到指定的文件。  
打开Filemap失败: Local\sgime_skin.v3.filemap.sogouime3502434cfd7
[17952:14548:0523/171947.733:WARNING:t_skinfilemap.cpp(65)] SGRenderLog:CheckUpdate finish: old version:1
[17952:14548:0523/171947.733:WARNING:t_skinfilemap.cpp(67)] SGRenderLog:CheckUpdate finish: new version:3
[17952:14548:0523/171947.794:WARNING:t_skinfilemap.cpp(100)] SGRenderLog:GetBasePtr_Direct m_mem uninit
[17952:14548:0523/171947.803:WARNING:t_skinfilemap.cpp(56)] SGRenderLog:CheckUpdate newMem.OpenMem failed, szNewMem:Local\sgime_skin.v3.filemap.sogouime err:系统错误2: 系统找不到指定的文件。  
打开Filemap失败: Local\sgime_skin.v3.filemap.sogouime3502434cfd7
[17952:14548:0523/171947.803:WARNING:t_skinfilemap.cpp(65)] SGRenderLog:CheckUpdate finish: old version:0
[17952:14548:0523/171947.803:WARNING:t_skinfilemap.cpp(67)] SGRenderLog:CheckUpdate finish: new version:3
[24004:9616:0523/172125.831:WARNING:kernel_switch.cc(95)] [Engine] GetProductDataInfo failed for: input_cloud_request_rank_1
[24004:9616:0523/172125.832:WARNING:kernel_switch.cc(95)] [Engine] GetProductDataInfo failed for: input_cloud_request_type_1
[24004:9616:0523/172125.835:WARNING:data_router_sender.cpp(44)] [DataRouterSender] RegisterReceiver not supported on sender side, route=/sg_tool/./slo_data_receiver
[24004:9616:0523/172125.905:WARNING:t_skinfilemap.cpp(56)] SGRenderLog:CheckUpdate newMem.OpenMem failed, szNewMem:Local\sgime_skin.v3.filemap.sogouime err:系统错误2: 系统找不到指定的文件。  
打开Filemap失败: Local\sgime_skin.v3.filemap.sogouime3502434cfd7
[24004:9616:0523/172125.905:WARNING:t_skinfilemap.cpp(65)] SGRenderLog:CheckUpdate finish: old version:1
[24004:9616:0523/172125.905:WARNING:t_skinfilemap.cpp(67)] SGRenderLog:CheckUpdate finish: new version:3
[24004:9616:0523/172126.121:WARNING:t_skinfilemap.cpp(56)] SGRenderLog:CheckUpdate newMem.OpenMem failed, szNewMem:Local\sgime_skin.v3.filemap.sogouime err:系统错误2: 系统找不到指定的文件。  
打开Filemap失败: Local\sgime_skin.v3.filemap.sogouime3502434cfd7
[24004:9616:0523/172126.122:WARNING:t_skinfilemap.cpp(65)] SGRenderLog:CheckUpdate finish: old version:1
[24004:9616:0523/172126.122:WARNING:t_skinfilemap.cpp(67)] SGRenderLog:CheckUpdate finish: new version:3
[24004:9616:0523/172126.183:WARNING:t_skinfilemap.cpp(100)] SGRenderLog:GetBasePtr_Direct m_mem uninit
[24004:9616:0523/172126.193:WARNING:t_skinfilemap.cpp(56)] SGRenderLog:CheckUpdate newMem.OpenMem failed, szNewMem:Local\sgime_skin.v3.filemap.sogouime err:系统错误2: 系统找不到指定的文件。  
打开Filemap失败: Local\sgime_skin.v3.filemap.sogouime3502434cfd7
[24004:9616:0523/172126.193:WARNING:t_skinfilemap.cpp(65)] SGRenderLog:CheckUpdate finish: old version:0
[24004:9616:0523/172126.193:WARNING:t_skinfilemap.cpp(67)] SGRenderLog:CheckUpdate finish: new version:3
[22268:23704:0523/172401.782:WARNING:kernel_switch.cc(95)] [Engine] GetProductDataInfo failed for: input_cloud_request_rank_1
[22268:23704:0523/172401.782:WARNING:kernel_switch.cc(95)] [Engine] GetProductDataInfo failed for: input_cloud_request_type_1
[22268:23704:0523/172401.784:WARNING:data_router_sender.cpp(44)] [DataRouterSender] RegisterReceiver not supported on sender side, route=/sg_tool/./slo_data_receiver
[22268:23704:0523/172401.855:WARNING:t_skinfilemap.cpp(56)] SGRenderLog:CheckUpdate newMem.OpenMem failed, szNewMem:Local\sgime_skin.v3.filemap.sogouime err:系统错误2: 系统找不到指定的文件。  
打开Filemap失败: Local\sgime_skin.v3.filemap.sogouime3502434cfd7
[22268:23704:0523/172401.855:WARNING:t_skinfilemap.cpp(65)] SGRenderLog:CheckUpdate finish: old version:1
[22268:23704:0523/172401.855:WARNING:t_skinfilemap.cpp(67)] SGRenderLog:CheckUpdate finish: new version:3
[22268:23704:0523/172402.060:WARNING:t_skinfilemap.cpp(56)] SGRenderLog:CheckUpdate newMem.OpenMem failed, szNewMem:Local\sgime_skin.v3.filemap.sogouime err:系统错误2: 系统找不到指定的文件。  
打开Filemap失败: Local\sgime_skin.v3.filemap.sogouime3502434cfd7
[22268:23704:0523/172402.060:WARNING:t_skinfilemap.cpp(65)] SGRenderLog:CheckUpdate finish: old version:1
[22268:23704:0523/172402.060:WARNING:t_skinfilemap.cpp(67)] SGRenderLog:CheckUpdate finish: new version:3
[22268:23704:0523/172402.111:WARNING:t_skinfilemap.cpp(100)] SGRenderLog:GetBasePtr_Direct m_mem uninit
[22268:23704:0523/172402.121:WARNING:t_skinfilemap.cpp(56)] SGRenderLog:CheckUpdate newMem.OpenMem failed, szNewMem:Local\sgime_skin.v3.filemap.sogouime err:系统错误2: 系统找不到指定的文件。  
打开Filemap失败: Local\sgime_skin.v3.filemap.sogouime3502434cfd7
[22268:23704:0523/172402.121:WARNING:t_skinfilemap.cpp(65)] SGRenderLog:CheckUpdate finish: old version:0
[22268:23704:0523/172402.121:WARNING:t_skinfilemap.cpp(67)] SGRenderLog:CheckUpdate finish: new version:3
[23064:18376:0523/173949.602:WARNING:kernel_switch.cc(95)] [Engine] GetProductDataInfo failed for: input_cloud_request_rank_1
[23064:18376:0523/173949.602:WARNING:kernel_switch.cc(95)] [Engine] GetProductDataInfo failed for: input_cloud_request_type_1
[23064:18376:0523/173949.607:WARNING:data_router_sender.cpp(44)] [DataRouterSender] RegisterReceiver not supported on sender side, route=/sg_tool/./slo_data_receiver
[23064:18376:0523/173949.669:WARNING:t_skinfilemap.cpp(56)] SGRenderLog:CheckUpdate newMem.OpenMem failed, szNewMem:Local\sgime_skin.v3.filemap.sogouime err:系统错误2: 系统找不到指定的文件。  
打开Filemap失败: Local\sgime_skin.v3.filemap.sogouime3502434cfd7
[23064:18376:0523/173949.669:WARNING:t_skinfilemap.cpp(65)] SGRenderLog:CheckUpdate finish: old version:1
[23064:18376:0523/173949.669:WARNING:t_skinfilemap.cpp(67)] SGRenderLog:CheckUpdate finish: new version:3
[23064:18376:0523/173949.885:WARNING:t_skinfilemap.cpp(56)] SGRenderLog:CheckUpdate newMem.OpenMem failed, szNewMem:Local\sgime_skin.v3.filemap.sogouime err:系统错误2: 系统找不到指定的文件。  
打开Filemap失败: Local\sgime_skin.v3.filemap.sogouime3502434cfd7
[23064:18376:0523/173949.885:WARNING:t_skinfilemap.cpp(65)] SGRenderLog:CheckUpdate finish: old version:1
[23064:18376:0523/173949.885:WARNING:t_skinfilemap.cpp(67)] SGRenderLog:CheckUpdate finish: new version:3
[23064:18376:0523/173949.945:WARNING:t_skinfilemap.cpp(100)] SGRenderLog:GetBasePtr_Direct m_mem uninit
[23064:18376:0523/173949.954:WARNING:t_skinfilemap.cpp(56)] SGRenderLog:CheckUpdate newMem.OpenMem failed, szNewMem:Local\sgime_skin.v3.filemap.sogouime err:系统错误2: 系统找不到指定的文件。  
打开Filemap失败: Local\sgime_skin.v3.filemap.sogouime3502434cfd7
[23064:18376:0523/173949.954:WARNING:t_skinfilemap.cpp(65)] SGRenderLog:CheckUpdate finish: old version:0
[23064:18376:0523/173949.954:WARNING:t_skinfilemap.cpp(67)] SGRenderLog:CheckUpdate finish: new version:3
[5416:19848:0523/174627.539:WARNING:kernel_switch.cc(95)] [Engine] GetProductDataInfo failed for: input_cloud_request_rank_1
[5416:19848:0523/174627.539:WARNING:kernel_switch.cc(95)] [Engine] GetProductDataInfo failed for: input_cloud_request_type_1
[5416:19848:0523/174627.540:WARNING:data_router_sender.cpp(44)] [DataRouterSender] RegisterReceiver not supported on sender side, route=/sg_tool/./slo_data_receiver
[5416:19848:0523/174627.619:WARNING:t_skinfilemap.cpp(56)] SGRenderLog:CheckUpdate newMem.OpenMem failed, szNewMem:Local\sgime_skin.v3.filemap.sogouime err:系统错误2: 系统找不到指定的文件。  
打开Filemap失败: Local\sgime_skin.v3.filemap.sogouime3502434cfd7
[5416:19848:0523/174627.619:WARNING:t_skinfilemap.cpp(65)] SGRenderLog:CheckUpdate finish: old version:1
[5416:19848:0523/174627.619:WARNING:t_skinfilemap.cpp(67)] SGRenderLog:CheckUpdate finish: new version:3
[5416:19848:0523/174627.819:WARNING:t_skinfilemap.cpp(56)] SGRenderLog:CheckUpdate newMem.OpenMem failed, szNewMem:Local\sgime_skin.v3.filemap.sogouime err:系统错误2: 系统找不到指定的文件。  
打开Filemap失败: Local\sgime_skin.v3.filemap.sogouime3502434cfd7
[5416:19848:0523/174627.819:WARNING:t_skinfilemap.cpp(65)] SGRenderLog:CheckUpdate finish: old version:1
[5416:19848:0523/174627.819:WARNING:t_skinfilemap.cpp(67)] SGRenderLog:CheckUpdate finish: new version:3
[5416:19848:0523/174627.867:WARNING:t_skinfilemap.cpp(100)] SGRenderLog:GetBasePtr_Direct m_mem uninit
[5416:19848:0523/174627.878:WARNING:t_skinfilemap.cpp(56)] SGRenderLog:CheckUpdate newMem.OpenMem failed, szNewMem:Local\sgime_skin.v3.filemap.sogouime err:系统错误2: 系统找不到指定的文件。  
打开Filemap失败: Local\sgime_skin.v3.filemap.sogouime3502434cfd7
[5416:19848:0523/174627.878:WARNING:t_skinfilemap.cpp(65)] SGRenderLog:CheckUpdate finish: old version:0
[5416:19848:0523/174627.878:WARNING:t_skinfilemap.cpp(67)] SGRenderLog:CheckUpdate finish: new version:3
[19972:23376:0523/174923.789:WARNING:kernel_switch.cc(95)] [Engine] GetProductDataInfo failed for: input_cloud_request_rank_1
[19972:23376:0523/174923.790:WARNING:kernel_switch.cc(95)] [Engine] GetProductDataInfo failed for: input_cloud_request_type_1
[19972:23376:0523/174923.792:WARNING:data_router_sender.cpp(44)] [DataRouterSender] RegisterReceiver not supported on sender side, route=/sg_tool/./slo_data_receiver
[19972:23376:0523/174923.887:WARNING:t_skinfilemap.cpp(56)] SGRenderLog:CheckUpdate newMem.OpenMem failed, szNewMem:Local\sgime_skin.v3.filemap.sogouime err:系统错误2: 系统找不到指定的文件。  
打开Filemap失败: Local\sgime_skin.v3.filemap.sogouime3502434cfd7
[19972:23376:0523/174923.888:WARNING:t_skinfilemap.cpp(65)] SGRenderLog:CheckUpdate finish: old version:1
[19972:23376:0523/174923.888:WARNING:t_skinfilemap.cpp(67)] SGRenderLog:CheckUpdate finish: new version:3
[19972:23376:0523/174924.081:WARNING:t_skinfilemap.cpp(56)] SGRenderLog:CheckUpdate newMem.OpenMem failed, szNewMem:Local\sgime_skin.v3.filemap.sogouime err:系统错误2: 系统找不到指定的文件。  
打开Filemap失败: Local\sgime_skin.v3.filemap.sogouime3502434cfd7
[19972:23376:0523/174924.081:WARNING:t_skinfilemap.cpp(65)] SGRenderLog:CheckUpdate finish: old version:1
[19972:23376:0523/174924.082:WARNING:t_skinfilemap.cpp(67)] SGRenderLog:CheckUpdate finish: new version:3
[19972:23376:0523/174924.137:WARNING:t_skinfilemap.cpp(100)] SGRenderLog:GetBasePtr_Direct m_mem uninit
[19972:23376:0523/174924.144:WARNING:t_skinfilemap.cpp(56)] SGRenderLog:CheckUpdate newMem.OpenMem failed, szNewMem:Local\sgime_skin.v3.filemap.sogouime err:系统错误2: 系统找不到指定的文件。  
打开Filemap失败: Local\sgime_skin.v3.filemap.sogouime3502434cfd7
[19972:23376:0523/174924.144:WARNING:t_skinfilemap.cpp(65)] SGRenderLog:CheckUpdate finish: old version:0
[19972:23376:0523/174924.144:WARNING:t_skinfilemap.cpp(67)] SGRenderLog:CheckUpdate finish: new version:3
[14572:3036:0523/175142.217:WARNING:kernel_switch.cc(95)] [Engine] GetProductDataInfo failed for: input_cloud_request_rank_1
[14572:3036:0523/175142.217:WARNING:kernel_switch.cc(95)] [Engine] GetProductDataInfo failed for: input_cloud_request_type_1
[14572:3036:0523/175142.220:WARNING:data_router_sender.cpp(44)] [DataRouterSender] RegisterReceiver not supported on sender side, route=/sg_tool/./slo_data_receiver
[14572:3036:0523/175142.356:WARNING:t_skinfilemap.cpp(56)] SGRenderLog:CheckUpdate newMem.OpenMem failed, szNewMem:Local\sgime_skin.v3.filemap.sogouime err:系统错误2: 系统找不到指定的文件。  
打开Filemap失败: Local\sgime_skin.v3.filemap.sogouime3502434cfd7
[14572:3036:0523/175142.356:WARNING:t_skinfilemap.cpp(65)] SGRenderLog:CheckUpdate finish: old version:1
[14572:3036:0523/175142.356:WARNING:t_skinfilemap.cpp(67)] SGRenderLog:CheckUpdate finish: new version:3
[14572:3036:0523/175142.590:WARNING:t_skinfilemap.cpp(56)] SGRenderLog:CheckUpdate newMem.OpenMem failed, szNewMem:Local\sgime_skin.v3.filemap.sogouime err:系统错误2: 系统找不到指定的文件。  
打开Filemap失败: Local\sgime_skin.v3.filemap.sogouime3502434cfd7
[14572:3036:0523/175142.590:WARNING:t_skinfilemap.cpp(65)] SGRenderLog:CheckUpdate finish: old version:1
[14572:3036:0523/175142.591:WARNING:t_skinfilemap.cpp(67)] SGRenderLog:CheckUpdate finish: new version:3
[14572:3036:0523/175142.651:WARNING:t_skinfilemap.cpp(100)] SGRenderLog:GetBasePtr_Direct m_mem uninit
[14572:3036:0523/175142.667:WARNING:t_skinfilemap.cpp(56)] SGRenderLog:CheckUpdate newMem.OpenMem failed, szNewMem:Local\sgime_skin.v3.filemap.sogouime err:系统错误2: 系统找不到指定的文件。  
打开Filemap失败: Local\sgime_skin.v3.filemap.sogouime3502434cfd7
[14572:3036:0523/175142.667:WARNING:t_skinfilemap.cpp(65)] SGRenderLog:CheckUpdate finish: old version:0
[14572:3036:0523/175142.667:WARNING:t_skinfilemap.cpp(67)] SGRenderLog:CheckUpdate finish: new version:3
[9184:24044:0523/175842.136:WARNING:kernel_switch.cc(95)] [Engine] GetProductDataInfo failed for: input_cloud_request_rank_1
[9184:24044:0523/175842.137:WARNING:kernel_switch.cc(95)] [Engine] GetProductDataInfo failed for: input_cloud_request_type_1
[9184:24044:0523/175842.138:WARNING:data_router_sender.cpp(44)] [DataRouterSender] RegisterReceiver not supported on sender side, route=/sg_tool/./slo_data_receiver
[9184:24044:0523/175842.263:WARNING:t_skinfilemap.cpp(56)] SGRenderLog:CheckUpdate newMem.OpenMem failed, szNewMem:Local\sgime_skin.v3.filemap.sogouime err:系统错误2: 系统找不到指定的文件。  
打开Filemap失败: Local\sgime_skin.v3.filemap.sogouime3502434cfd7
[9184:24044:0523/175842.263:WARNING:t_skinfilemap.cpp(65)] SGRenderLog:CheckUpdate finish: old version:1
[9184:24044:0523/175842.263:WARNING:t_skinfilemap.cpp(67)] SGRenderLog:CheckUpdate finish: new version:3
[9184:24044:0523/175842.520:WARNING:t_skinfilemap.cpp(56)] SGRenderLog:CheckUpdate newMem.OpenMem failed, szNewMem:Local\sgime_skin.v3.filemap.sogouime err:系统错误2: 系统找不到指定的文件。  
打开Filemap失败: Local\sgime_skin.v3.filemap.sogouime3502434cfd7
[9184:24044:0523/175842.520:WARNING:t_skinfilemap.cpp(65)] SGRenderLog:CheckUpdate finish: old version:1
[9184:24044:0523/175842.520:WARNING:t_skinfilemap.cpp(67)] SGRenderLog:CheckUpdate finish: new version:3
[9184:24044:0523/175842.584:WARNING:t_skinfilemap.cpp(100)] SGRenderLog:GetBasePtr_Direct m_mem uninit
[9184:24044:0523/175842.594:WARNING:t_skinfilemap.cpp(56)] SGRenderLog:CheckUpdate newMem.OpenMem failed, szNewMem:Local\sgime_skin.v3.filemap.sogouime err:系统错误2: 系统找不到指定的文件。  
打开Filemap失败: Local\sgime_skin.v3.filemap.sogouime3502434cfd7
[9184:24044:0523/175842.594:WARNING:t_skinfilemap.cpp(65)] SGRenderLog:CheckUpdate finish: old version:0
[9184:24044:0523/175842.594:WARNING:t_skinfilemap.cpp(67)] SGRenderLog:CheckUpdate finish: new version:3
[22140:17684:0523/180408.208:WARNING:kernel_switch.cc(95)] [Engine] GetProductDataInfo failed for: input_cloud_request_rank_1
[22140:17684:0523/180408.208:WARNING:kernel_switch.cc(95)] [Engine] GetProductDataInfo failed for: input_cloud_request_type_1
[22140:17684:0523/180408.228:WARNING:data_router_sender.cpp(44)] [DataRouterSender] RegisterReceiver not supported on sender side, route=/sg_tool/./slo_data_receiver
[22140:17684:0523/180408.487:WARNING:t_skinfilemap.cpp(56)] SGRenderLog:CheckUpdate newMem.OpenMem failed, szNewMem:Local\sgime_skin.v3.filemap.sogouime err:系统错误2: 系统找不到指定的文件。  
打开Filemap失败: Local\sgime_skin.v3.filemap.sogouime3502434cfd7
[22140:17684:0523/180408.487:WARNING:t_skinfilemap.cpp(65)] SGRenderLog:CheckUpdate finish: old version:1
[22140:17684:0523/180408.487:WARNING:t_skinfilemap.cpp(67)] SGRenderLog:CheckUpdate finish: new version:3
[22140:17684:0523/180408.814:WARNING:t_skinfilemap.cpp(56)] SGRenderLog:CheckUpdate newMem.OpenMem failed, szNewMem:Local\sgime_skin.v3.filemap.sogouime err:系统错误2: 系统找不到指定的文件。  
打开Filemap失败: Local\sgime_skin.v3.filemap.sogouime3502434cfd7
[22140:17684:0523/180408.814:WARNING:t_skinfilemap.cpp(65)] SGRenderLog:CheckUpdate finish: old version:1
[22140:17684:0523/180408.814:WARNING:t_skinfilemap.cpp(67)] SGRenderLog:CheckUpdate finish: new version:3
[22140:17684:0523/180408.879:WARNING:t_skinfilemap.cpp(100)] SGRenderLog:GetBasePtr_Direct m_mem uninit
[22140:17684:0523/180408.892:WARNING:t_skinfilemap.cpp(56)] SGRenderLog:CheckUpdate newMem.OpenMem failed, szNewMem:Local\sgime_skin.v3.filemap.sogouime err:系统错误2: 系统找不到指定的文件。  
打开Filemap失败: Local\sgime_skin.v3.filemap.sogouime3502434cfd7
[22140:17684:0523/180408.892:WARNING:t_skinfilemap.cpp(65)] SGRenderLog:CheckUpdate finish: old version:0
[22140:17684:0523/180408.892:WARNING:t_skinfilemap.cpp(67)] SGRenderLog:CheckUpdate finish: new version:3
[15776:14024:0523/181144.051:WARNING:kernel_switch.cc(95)] [Engine] GetProductDataInfo failed for: input_cloud_request_rank_1
[15776:14024:0523/181144.051:WARNING:kernel_switch.cc(95)] [Engine] GetProductDataInfo failed for: input_cloud_request_type_1
[15776:14024:0523/181144.054:WARNING:data_router_sender.cpp(44)] [DataRouterSender] RegisterReceiver not supported on sender side, route=/sg_tool/./slo_data_receiver
[15776:14024:0523/181144.156:WARNING:t_skinfilemap.cpp(56)] SGRenderLog:CheckUpdate newMem.OpenMem failed, szNewMem:Local\sgime_skin.v3.filemap.sogouime err:系统错误2: 系统找不到指定的文件。  
打开Filemap失败: Local\sgime_skin.v3.filemap.sogouime3502434cfd7
[15776:14024:0523/181144.156:WARNING:t_skinfilemap.cpp(65)] SGRenderLog:CheckUpdate finish: old version:1
[15776:14024:0523/181144.156:WARNING:t_skinfilemap.cpp(67)] SGRenderLog:CheckUpdate finish: new version:3
[15776:14024:0523/181144.422:WARNING:t_skinfilemap.cpp(56)] SGRenderLog:CheckUpdate newMem.OpenMem failed, szNewMem:Local\sgime_skin.v3.filemap.sogouime err:系统错误2: 系统找不到指定的文件。  
打开Filemap失败: Local\sgime_skin.v3.filemap.sogouime3502434cfd7
[15776:14024:0523/181144.423:WARNING:t_skinfilemap.cpp(65)] SGRenderLog:CheckUpdate finish: old version:1
[15776:14024:0523/181144.423:WARNING:t_skinfilemap.cpp(67)] SGRenderLog:CheckUpdate finish: new version:3
[15776:14024:0523/181144.508:WARNING:t_skinfilemap.cpp(100)] SGRenderLog:GetBasePtr_Direct m_mem uninit
[15776:14024:0523/181144.516:WARNING:t_skinfilemap.cpp(56)] SGRenderLog:CheckUpdate newMem.OpenMem failed, szNewMem:Local\sgime_skin.v3.filemap.sogouime err:系统错误2: 系统找不到指定的文件。  
打开Filemap失败: Local\sgime_skin.v3.filemap.sogouime3502434cfd7
[15776:14024:0523/181144.516:WARNING:t_skinfilemap.cpp(65)] SGRenderLog:CheckUpdate finish: old version:0
[15776:14024:0523/181144.516:WARNING:t_skinfilemap.cpp(67)] SGRenderLog:CheckUpdate finish: new version:3
[22412:7364:0523/182742.706:WARNING:kernel_switch.cc(95)] [Engine] GetProductDataInfo failed for: input_cloud_request_rank_1
[22412:7364:0523/182742.706:WARNING:kernel_switch.cc(95)] [Engine] GetProductDataInfo failed for: input_cloud_request_type_1
[22412:7364:0523/182742.707:WARNING:data_router_sender.cpp(44)] [DataRouterSender] RegisterReceiver not supported on sender side, route=/sg_tool/./slo_data_receiver
[22412:7364:0523/182742.792:WARNING:t_skinfilemap.cpp(56)] SGRenderLog:CheckUpdate newMem.OpenMem failed, szNewMem:Local\sgime_skin.v3.filemap.sogouime err:系统错误2: 系统找不到指定的文件。  
打开Filemap失败: Local\sgime_skin.v3.filemap.sogouime3502434cfd7
[22412:7364:0523/182742.792:WARNING:t_skinfilemap.cpp(65)] SGRenderLog:CheckUpdate finish: old version:1
[22412:7364:0523/182742.792:WARNING:t_skinfilemap.cpp(67)] SGRenderLog:CheckUpdate finish: new version:3
[22412:7364:0523/182742.968:WARNING:t_skinfilemap.cpp(56)] SGRenderLog:CheckUpdate newMem.OpenMem failed, szNewMem:Local\sgime_skin.v3.filemap.sogouime err:系统错误2: 系统找不到指定的文件。  
打开Filemap失败: Local\sgime_skin.v3.filemap.sogouime3502434cfd7
[22412:7364:0523/182742.968:WARNING:t_skinfilemap.cpp(65)] SGRenderLog:CheckUpdate finish: old version:1
[22412:7364:0523/182742.968:WARNING:t_skinfilemap.cpp(67)] SGRenderLog:CheckUpdate finish: new version:3
[22412:7364:0523/182743.018:WARNING:t_skinfilemap.cpp(100)] SGRenderLog:GetBasePtr_Direct m_mem uninit
[22412:7364:0523/182743.029:WARNING:t_skinfilemap.cpp(56)] SGRenderLog:CheckUpdate newMem.OpenMem failed, szNewMem:Local\sgime_skin.v3.filemap.sogouime err:系统错误2: 系统找不到指定的文件。  
打开Filemap失败: Local\sgime_skin.v3.filemap.sogouime3502434cfd7
[22412:7364:0523/182743.030:WARNING:t_skinfilemap.cpp(65)] SGRenderLog:CheckUpdate finish: old version:0
[22412:7364:0523/182743.030:WARNING:t_skinfilemap.cpp(67)] SGRenderLog:CheckUpdate finish: new version:3
[16380:14536:0523/183841.140:WARNING:kernel_switch.cc(95)] [Engine] GetProductDataInfo failed for: input_cloud_request_rank_1
[16380:14536:0523/183841.140:WARNING:kernel_switch.cc(95)] [Engine] GetProductDataInfo failed for: input_cloud_request_type_1
[16380:14536:0523/183841.142:WARNING:data_router_sender.cpp(44)] [DataRouterSender] RegisterReceiver not supported on sender side, route=/sg_tool/./slo_data_receiver
[16380:14536:0523/183841.251:WARNING:t_skinfilemap.cpp(56)] SGRenderLog:CheckUpdate newMem.OpenMem failed, szNewMem:Local\sgime_skin.v3.filemap.sogouime err:系统错误2: 系统找不到指定的文件。  
打开Filemap失败: Local\sgime_skin.v3.filemap.sogouime3502434cfd7
[16380:14536:0523/183841.251:WARNING:t_skinfilemap.cpp(65)] SGRenderLog:CheckUpdate finish: old version:1
[16380:14536:0523/183841.251:WARNING:t_skinfilemap.cpp(67)] SGRenderLog:CheckUpdate finish: new version:3
[16380:14536:0523/183841.495:WARNING:t_skinfilemap.cpp(56)] SGRenderLog:CheckUpdate newMem.OpenMem failed, szNewMem:Local\sgime_skin.v3.filemap.sogouime err:系统错误2: 系统找不到指定的文件。  
打开Filemap失败: Local\sgime_skin.v3.filemap.sogouime3502434cfd7
[16380:14536:0523/183841.495:WARNING:t_skinfilemap.cpp(65)] SGRenderLog:CheckUpdate finish: old version:1
[16380:14536:0523/183841.495:WARNING:t_skinfilemap.cpp(67)] SGRenderLog:CheckUpdate finish: new version:3
[16380:14536:0523/183841.554:WARNING:t_skinfilemap.cpp(100)] SGRenderLog:GetBasePtr_Direct m_mem uninit
[16380:14536:0523/183841.564:WARNING:t_skinfilemap.cpp(56)] SGRenderLog:CheckUpdate newMem.OpenMem failed, szNewMem:Local\sgime_skin.v3.filemap.sogouime err:系统错误2: 系统找不到指定的文件。  
打开Filemap失败: Local\sgime_skin.v3.filemap.sogouime3502434cfd7
[16380:14536:0523/183841.564:WARNING:t_skinfilemap.cpp(65)] SGRenderLog:CheckUpdate finish: old version:0
[16380:14536:0523/183841.565:WARNING:t_skinfilemap.cpp(67)] SGRenderLog:CheckUpdate finish: new version:3
[1908:18996:0523/184620.099:WARNING:kernel_switch.cc(95)] [Engine] GetProductDataInfo failed for: input_cloud_request_rank_1
[1908:18996:0523/184620.099:WARNING:kernel_switch.cc(95)] [Engine] GetProductDataInfo failed for: input_cloud_request_type_1
[1908:18996:0523/184620.102:WARNING:data_router_sender.cpp(44)] [DataRouterSender] RegisterReceiver not supported on sender side, route=/sg_tool/./slo_data_receiver
[1908:18996:0523/184620.246:WARNING:t_skinfilemap.cpp(56)] SGRenderLog:CheckUpdate newMem.OpenMem failed, szNewMem:Local\sgime_skin.v3.filemap.sogouime err:系统错误2: 系统找不到指定的文件。  
打开Filemap失败: Local\sgime_skin.v3.filemap.sogouime3502434cfd7
[1908:18996:0523/184620.246:WARNING:t_skinfilemap.cpp(65)] SGRenderLog:CheckUpdate finish: old version:1
[1908:18996:0523/184620.246:WARNING:t_skinfilemap.cpp(67)] SGRenderLog:CheckUpdate finish: new version:3
[1908:18996:0523/184620.478:WARNING:t_skinfilemap.cpp(56)] SGRenderLog:CheckUpdate newMem.OpenMem failed, szNewMem:Local\sgime_skin.v3.filemap.sogouime err:系统错误2: 系统找不到指定的文件。  
打开Filemap失败: Local\sgime_skin.v3.filemap.sogouime3502434cfd7
[1908:18996:0523/184620.478:WARNING:t_skinfilemap.cpp(65)] SGRenderLog:CheckUpdate finish: old version:1
[1908:18996:0523/184620.478:WARNING:t_skinfilemap.cpp(67)] SGRenderLog:CheckUpdate finish: new version:3
[1908:18996:0523/184620.538:WARNING:t_skinfilemap.cpp(100)] SGRenderLog:GetBasePtr_Direct m_mem uninit
[1908:18996:0523/184620.549:WARNING:t_skinfilemap.cpp(56)] SGRenderLog:CheckUpdate newMem.OpenMem failed, szNewMem:Local\sgime_skin.v3.filemap.sogouime err:系统错误2: 系统找不到指定的文件。  
打开Filemap失败: Local\sgime_skin.v3.filemap.sogouime3502434cfd7
[1908:18996:0523/184620.549:WARNING:t_skinfilemap.cpp(65)] SGRenderLog:CheckUpdate finish: old version:0
[1908:18996:0523/184620.549:WARNING:t_skinfilemap.cpp(67)] SGRenderLog:CheckUpdate finish: new version:3
[3452:16528:0523/184741.740:WARNING:kernel_switch.cc(95)] [Engine] GetProductDataInfo failed for: input_cloud_request_rank_1
[3452:16528:0523/184741.740:WARNING:kernel_switch.cc(95)] [Engine] GetProductDataInfo failed for: input_cloud_request_type_1
[3452:16528:0523/184741.741:WARNING:data_router_sender.cpp(44)] [DataRouterSender] RegisterReceiver not supported on sender side, route=/sg_tool/./slo_data_receiver
[3452:16528:0523/184741.839:WARNING:t_skinfilemap.cpp(56)] SGRenderLog:CheckUpdate newMem.OpenMem failed, szNewMem:Local\sgime_skin.v3.filemap.sogouime err:系统错误2: 系统找不到指定的文件。  
打开Filemap失败: Local\sgime_skin.v3.filemap.sogouime3502434cfd7
[3452:16528:0523/184741.839:WARNING:t_skinfilemap.cpp(65)] SGRenderLog:CheckUpdate finish: old version:1
[3452:16528:0523/184741.839:WARNING:t_skinfilemap.cpp(67)] SGRenderLog:CheckUpdate finish: new version:3
[3452:16528:0523/184742.109:WARNING:t_skinfilemap.cpp(56)] SGRenderLog:CheckUpdate newMem.OpenMem failed, szNewMem:Local\sgime_skin.v3.filemap.sogouime err:系统错误2: 系统找不到指定的文件。  
打开Filemap失败: Local\sgime_skin.v3.filemap.sogouime3502434cfd7
[3452:16528:0523/184742.109:WARNING:t_skinfilemap.cpp(65)] SGRenderLog:CheckUpdate finish: old version:1
[3452:16528:0523/184742.109:WARNING:t_skinfilemap.cpp(67)] SGRenderLog:CheckUpdate finish: new version:3
[3452:16528:0523/184742.170:WARNING:t_skinfilemap.cpp(100)] SGRenderLog:GetBasePtr_Direct m_mem uninit
[3452:16528:0523/184742.184:WARNING:t_skinfilemap.cpp(56)] SGRenderLog:CheckUpdate newMem.OpenMem failed, szNewMem:Local\sgime_skin.v3.filemap.sogouime err:系统错误2: 系统找不到指定的文件。  
打开Filemap失败: Local\sgime_skin.v3.filemap.sogouime3502434cfd7
[3452:16528:0523/184742.184:WARNING:t_skinfilemap.cpp(65)] SGRenderLog:CheckUpdate finish: old version:0
[3452:16528:0523/184742.184:WARNING:t_skinfilemap.cpp(67)] SGRenderLog:CheckUpdate finish: new version:3
[7256:23700:0523/192500.124:WARNING:kernel_switch.cc(95)] [Engine] GetProductDataInfo failed for: input_cloud_request_rank_1
[7256:23700:0523/192500.125:WARNING:kernel_switch.cc(95)] [Engine] GetProductDataInfo failed for: input_cloud_request_type_1
[7256:23700:0523/192500.129:WARNING:data_router_sender.cpp(44)] [DataRouterSender] RegisterReceiver not supported on sender side, route=/sg_tool/./slo_data_receiver
[7256:23700:0523/192500.253:WARNING:t_skinfilemap.cpp(56)] SGRenderLog:CheckUpdate newMem.OpenMem failed, szNewMem:Local\sgime_skin.v3.filemap.sogouime err:系统错误2: 系统找不到指定的文件。  
打开Filemap失败: Local\sgime_skin.v3.filemap.sogouime3502434cfd7
[7256:23700:0523/192500.253:WARNING:t_skinfilemap.cpp(65)] SGRenderLog:CheckUpdate finish: old version:1
[7256:23700:0523/192500.253:WARNING:t_skinfilemap.cpp(67)] SGRenderLog:CheckUpdate finish: new version:3
[7256:23700:0523/192500.963:WARNING:t_skinfilemap.cpp(56)] SGRenderLog:CheckUpdate newMem.OpenMem failed, szNewMem:Local\sgime_skin.v3.filemap.sogouime err:系统错误2: 系统找不到指定的文件。  
打开Filemap失败: Local\sgime_skin.v3.filemap.sogouime3502434cfd7
[7256:23700:0523/192500.963:WARNING:t_skinfilemap.cpp(65)] SGRenderLog:CheckUpdate finish: old version:1
[7256:23700:0523/192500.963:WARNING:t_skinfilemap.cpp(67)] SGRenderLog:CheckUpdate finish: new version:3
[7256:23700:0523/192501.017:WARNING:t_skinfilemap.cpp(100)] SGRenderLog:GetBasePtr_Direct m_mem uninit
[7256:23700:0523/192501.033:WARNING:t_skinfilemap.cpp(56)] SGRenderLog:CheckUpdate newMem.OpenMem failed, szNewMem:Local\sgime_skin.v3.filemap.sogouime err:系统错误2: 系统找不到指定的文件。  
打开Filemap失败: Local\sgime_skin.v3.filemap.sogouime3502434cfd7
[7256:23700:0523/192501.033:WARNING:t_skinfilemap.cpp(65)] SGRenderLog:CheckUpdate finish: old version:0
[7256:23700:0523/192501.033:WARNING:t_skinfilemap.cpp(67)] SGRenderLog:CheckUpdate finish: new version:3
[3512:16936:0523/194858.107:WARNING:kernel_switch.cc(95)] [Engine] GetProductDataInfo failed for: input_cloud_request_rank_1
[3512:16936:0523/194858.107:WARNING:kernel_switch.cc(95)] [Engine] GetProductDataInfo failed for: input_cloud_request_type_1
[3512:16936:0523/194858.109:WARNING:data_router_sender.cpp(44)] [DataRouterSender] RegisterReceiver not supported on sender side, route=/sg_tool/./slo_data_receiver
[3512:16936:0523/194858.227:WARNING:t_skinfilemap.cpp(56)] SGRenderLog:CheckUpdate newMem.OpenMem failed, szNewMem:Local\sgime_skin.v3.filemap.sogouime err:系统错误2: 系统找不到指定的文件。  
打开Filemap失败: Local\sgime_skin.v3.filemap.sogouime3502434cfd7
[3512:16936:0523/194858.227:WARNING:t_skinfilemap.cpp(65)] SGRenderLog:CheckUpdate finish: old version:1
[3512:16936:0523/194858.227:WARNING:t_skinfilemap.cpp(67)] SGRenderLog:CheckUpdate finish: new version:3
[3512:16936:0523/194858.454:WARNING:t_skinfilemap.cpp(56)] SGRenderLog:CheckUpdate newMem.OpenMem failed, szNewMem:Local\sgime_skin.v3.filemap.sogouime err:系统错误2: 系统找不到指定的文件。  
打开Filemap失败: Local\sgime_skin.v3.filemap.sogouime3502434cfd7
[3512:16936:0523/194858.454:WARNING:t_skinfilemap.cpp(65)] SGRenderLog:CheckUpdate finish: old version:1
[3512:16936:0523/194858.455:WARNING:t_skinfilemap.cpp(67)] SGRenderLog:CheckUpdate finish: new version:3
[3512:16936:0523/194858.507:WARNING:t_skinfilemap.cpp(100)] SGRenderLog:GetBasePtr_Direct m_mem uninit
[3512:16936:0523/194858.518:WARNING:t_skinfilemap.cpp(56)] SGRenderLog:CheckUpdate newMem.OpenMem failed, szNewMem:Local\sgime_skin.v3.filemap.sogouime err:系统错误2: 系统找不到指定的文件。  
打开Filemap失败: Local\sgime_skin.v3.filemap.sogouime3502434cfd7
[3512:16936:0523/194858.518:WARNING:t_skinfilemap.cpp(65)] SGRenderLog:CheckUpdate finish: old version:0
[3512:16936:0523/194858.518:WARNING:t_skinfilemap.cpp(67)] SGRenderLog:CheckUpdate finish: new version:3
[19820:22548:0523/202003.949:WARNING:kernel_switch.cc(95)] [Engine] GetProductDataInfo failed for: input_cloud_request_rank_1
[19820:22548:0523/202003.949:WARNING:kernel_switch.cc(95)] [Engine] GetProductDataInfo failed for: input_cloud_request_type_1
[19820:22548:0523/202003.951:WARNING:data_router_sender.cpp(44)] [DataRouterSender] RegisterReceiver not supported on sender side, route=/sg_tool/./slo_data_receiver
[19820:22548:0523/202004.035:WARNING:t_skinfilemap.cpp(56)] SGRenderLog:CheckUpdate newMem.OpenMem failed, szNewMem:Local\sgime_skin.v3.filemap.sogouime err:系统错误2: 系统找不到指定的文件。  
打开Filemap失败: Local\sgime_skin.v3.filemap.sogouime3502434cfd7
[19820:22548:0523/202004.035:WARNING:t_skinfilemap.cpp(65)] SGRenderLog:CheckUpdate finish: old version:1
[19820:22548:0523/202004.035:WARNING:t_skinfilemap.cpp(67)] SGRenderLog:CheckUpdate finish: new version:3
[19820:22548:0523/202004.271:WARNING:t_skinfilemap.cpp(56)] SGRenderLog:CheckUpdate newMem.OpenMem failed, szNewMem:Local\sgime_skin.v3.filemap.sogouime err:系统错误2: 系统找不到指定的文件。  
打开Filemap失败: Local\sgime_skin.v3.filemap.sogouime3502434cfd7
[19820:22548:0523/202004.271:WARNING:t_skinfilemap.cpp(65)] SGRenderLog:CheckUpdate finish: old version:1
[19820:22548:0523/202004.271:WARNING:t_skinfilemap.cpp(67)] SGRenderLog:CheckUpdate finish: new version:3
[19820:22548:0523/202004.331:WARNING:t_skinfilemap.cpp(100)] SGRenderLog:GetBasePtr_Direct m_mem uninit
[19820:22548:0523/202004.342:WARNING:t_skinfilemap.cpp(56)] SGRenderLog:CheckUpdate newMem.OpenMem failed, szNewMem:Local\sgime_skin.v3.filemap.sogouime err:系统错误2: 系统找不到指定的文件。  
打开Filemap失败: Local\sgime_skin.v3.filemap.sogouime3502434cfd7
[19820:22548:0523/202004.343:WARNING:t_skinfilemap.cpp(65)] SGRenderLog:CheckUpdate finish: old version:0
[19820:22548:0523/202004.343:WARNING:t_skinfilemap.cpp(67)] SGRenderLog:CheckUpdate finish: new version:3
